sample.interval=20000
"bitwAnd" "createElemLookupTable" "pr$elementLookup" 
"rbind" "createElemLookupTable" "pr$elementLookup" 
"rbind" "createElemLookupTable" "pr$elementLookup" 
"rbind" "createElemLookupTable" "pr$elementLookup" 
"rbind" "createElemLookupTable" "pr$elementLookup" 
"rbind" "createElemLookupTable" "pr$elementLookup" 
"createElemLookupTable" "pr$elementLookup" 
"rbind" "createElemLookupTable" "pr$elementLookup" 
"paste" "createElemLookupTable" "pr$elementLookup" 
"rbind" "createElemLookupTable" "pr$elementLookup" 
"rbind" "createElemLookupTable" "pr$elementLookup" 
"rbind" "createElemLookupTable" "pr$elementLookup" 
"rbind" "createElemLookupTable" "pr$elementLookup" 
"rbind" "createElemLookupTable" "pr$elementLookup" 
"rbind" "createElemLookupTable" "pr$elementLookup" 
"rbind" "createElemLookupTable" "pr$elementLookup" 
"rbind" "createElemLookupTable" "pr$elementLookup" 
"rbind" "createElemLookupTable" "pr$elementLookup" 
"createElemLookupTable" "pr$elementLookup" 
"rbind" "createElemLookupTable" "pr$elementLookup" 
"rbind" "createElemLookupTable" "pr$elementLookup" 
"rbind" "createElemLookupTable" "pr$elementLookup" 
"rbind" "createElemLookupTable" "pr$elementLookup" 
"rbind" "createElemLookupTable" "pr$elementLookup" 
"createElemLookupTable" "pr$elementLookup" 
"rbind" "createElemLookupTable" "pr$elementLookup" 
"rbind" "createElemLookupTable" "pr$elementLookup" 
"rbind" "createElemLookupTable" "pr$elementLookup" 
"rbind" "createElemLookupTable" "pr$elementLookup" 
"rbind" "createElemLookupTable" "pr$elementLookup" 
"rbind" "createElemLookupTable" "pr$elementLookup" 
"rbind" "createElemLookupTable" "pr$elementLookup" 
"rbind" "createElemLookupTable" "pr$elementLookup" 
"rbind" "createElemLookupTable" "pr$elementLookup" 
"rbind" "createElemLookupTable" "pr$elementLookup" 
"rbind" "createElemLookupTable" "pr$elementLookup" 
"paste" "createElemLookupTable" "pr$elementLookup" 
"rbind" "createElemLookupTable" "pr$elementLookup" 
"rbind" "createElemLookupTable" "pr$elementLookup" 
"rbind" "createElemLookupTable" "pr$elementLookup" 
"rbind" "createElemLookupTable" "pr$elementLookup" 
"rbind" "createElemLookupTable" "pr$elementLookup" 
"rbind" "createElemLookupTable" "pr$elementLookup" 
"rbind" "createElemLookupTable" "pr$elementLookup" 
"rbind" "createElemLookupTable" "pr$elementLookup" 
"rbind" "createElemLookupTable" "pr$elementLookup" 
"rbind" "createElemLookupTable" "pr$elementLookup" 
"rbind" "createElemLookupTable" "pr$elementLookup" 
"rbind" "createElemLookupTable" "pr$elementLookup" 
"rbind" "createElemLookupTable" "pr$elementLookup" 
"rbind" "createElemLookupTable" "pr$elementLookup" 
"rbind" "createElemLookupTable" "pr$elementLookup" 
"rbind" "createElemLookupTable" "pr$elementLookup" 
"rbind" "createElemLookupTable" "pr$elementLookup" 
"rbind" "createElemLookupTable" "pr$elementLookup" 
"rbind" "createElemLookupTable" "pr$elementLookup" 
"rbind" "createElemLookupTable" "pr$elementLookup" 
"rbind" "createElemLookupTable" "pr$elementLookup" 
"rbind" "createElemLookupTable" "pr$elementLookup" 
"rbind" "createElemLookupTable" "pr$elementLookup" 
"rbind" "createElemLookupTable" "pr$elementLookup" 
"rbind" "createElemLookupTable" "pr$elementLookup" 
"rbind" "createElemLookupTable" "pr$elementLookup" 
"rbind" "createElemLookupTable" "pr$elementLookup" 
"rbind" "createElemLookupTable" "pr$elementLookup" 
"rbind" "createElemLookupTable" "pr$elementLookup" 
"rbind" "createElemLookupTable" "pr$elementLookup" 
"rbind" "createElemLookupTable" "pr$elementLookup" 
"createElemLookupTable" "pr$elementLookup" 
"rbind" "createElemLookupTable" "pr$elementLookup" 
"rbind" "createElemLookupTable" "pr$elementLookup" 
"rbind" "createElemLookupTable" "pr$elementLookup" 
"rbind" "createElemLookupTable" "pr$elementLookup" 
"rbind" "createElemLookupTable" "pr$elementLookup" 
"rbind" "createElemLookupTable" "pr$elementLookup" 
"rbind" "createElemLookupTable" "pr$elementLookup" 
"rbind" "createElemLookupTable" "pr$elementLookup" 
"rbind" "createElemLookupTable" "pr$elementLookup" 
"rbind" "createElemLookupTable" "pr$elementLookup" 
"rbind" "createElemLookupTable" "pr$elementLookup" 
"rbind" "createElemLookupTable" "pr$elementLookup" 
"rbind" "createElemLookupTable" "pr$elementLookup" 
"rbind" "createElemLookupTable" "pr$elementLookup" 
"rbind" "createElemLookupTable" "pr$elementLookup" 
"rbind" "createElemLookupTable" "pr$elementLookup" 
"rbind" "createElemLookupTable" "pr$elementLookup" 
"rbind" "createElemLookupTable" "pr$elementLookup" 
"rbind" "createElemLookupTable" "pr$elementLookup" 
"rbind" "createElemLookupTable" "pr$elementLookup" 
"rbind" "createElemLookupTable" "pr$elementLookup" 
"rbind" "createElemLookupTable" "pr$elementLookup" 
"rbind" "createElemLookupTable" "pr$elementLookup" 
"rbind" "createElemLookupTable" "pr$elementLookup" 
"rbind" "createElemLookupTable" "pr$elementLookup" 
"rbind" "createElemLookupTable" "pr$elementLookup" 
"rbind" "createElemLookupTable" "pr$elementLookup" 
"rbind" "createElemLookupTable" "pr$elementLookup" 
"rbind" "createElemLookupTable" "pr$elementLookup" 
"rbind" "createElemLookupTable" "pr$elementLookup" 
"rbind" "createElemLookupTable" "pr$elementLookup" 
"rbind" "createElemLookupTable" "pr$elementLookup" 
"rbind" "createElemLookupTable" "pr$elementLookup" 
"rbind" "createElemLookupTable" "pr$elementLookup" 
"rbind" "createElemLookupTable" "pr$elementLookup" 
"rbind" "createElemLookupTable" "pr$elementLookup" 
"rbind" "createElemLookupTable" "pr$elementLookup" 
"rbind" "createElemLookupTable" "pr$elementLookup" 
"rbind" "createElemLookupTable" "pr$elementLookup" 
"rbind" "createElemLookupTable" "pr$elementLookup" 
"rbind" "createElemLookupTable" "pr$elementLookup" 
"rbind" "createElemLookupTable" "pr$elementLookup" 
"rbind" "createElemLookupTable" "pr$elementLookup" 
"rbind" "createElemLookupTable" "pr$elementLookup" 
"rbind" "createElemLookupTable" "pr$elementLookup" 
"rbind" "createElemLookupTable" "pr$elementLookup" 
"rbind" "createElemLookupTable" "pr$elementLookup" 
"rbind" "createElemLookupTable" "pr$elementLookup" 
"rbind" "createElemLookupTable" "pr$elementLookup" 
"rbind" "createElemLookupTable" "pr$elementLookup" 
"rbind" "createElemLookupTable" "pr$elementLookup" 
"rbind" "createElemLookupTable" "pr$elementLookup" 
"rbind" "createElemLookupTable" "pr$elementLookup" 
"rbind" "createElemLookupTable" "pr$elementLookup" 
"rbind" "createElemLookupTable" "pr$elementLookup" 
"rbind" "createElemLookupTable" "pr$elementLookup" 
"rbind" "createElemLookupTable" "pr$elementLookup" 
"rbind" "createElemLookupTable" "pr$elementLookup" 
"rbind" "createElemLookupTable" "pr$elementLookup" 
"rbind" "createElemLookupTable" "pr$elementLookup" 
"rbind" "createElemLookupTable" "pr$elementLookup" 
"rbind" "createElemLookupTable" "pr$elementLookup" 
"rbind" "createElemLookupTable" "pr$elementLookup" 
"rbind" "createElemLookupTable" "pr$elementLookup" 
"rbind" "createElemLookupTable" "pr$elementLookup" 
"rbind" "createElemLookupTable" "pr$elementLookup" 
"rbind" "createElemLookupTable" "pr$elementLookup" 
"rbind" "createElemLookupTable" "pr$elementLookup" 
"rbind" "createElemLookupTable" "pr$elementLookup" 
"rbind" "createElemLookupTable" "pr$elementLookup" 
"rbind" "createElemLookupTable" "pr$elementLookup" 
"rbind" "createElemLookupTable" "pr$elementLookup" 
"rbind" "createElemLookupTable" "pr$elementLookup" 
"rbind" "createElemLookupTable" "pr$elementLookup" 
"rbind" "createElemLookupTable" "pr$elementLookup" 
"rbind" "createElemLookupTable" "pr$elementLookup" 
"rbind" "createElemLookupTable" "pr$elementLookup" 
"rbind" "createElemLookupTable" "pr$elementLookup" 
"rbind" "createElemLookupTable" "pr$elementLookup" 
"rbind" "createElemLookupTable" "pr$elementLookup" 
"rbind" "createElemLookupTable" "pr$elementLookup" 
"rbind" "createElemLookupTable" "pr$elementLookup" 
"rbind" "createElemLookupTable" "pr$elementLookup" 
"rbind" "createElemLookupTable" "pr$elementLookup" 
"rbind" "createElemLookupTable" "pr$elementLookup" 
"rbind" "createElemLookupTable" "pr$elementLookup" 
"rbind" "createElemLookupTable" "pr$elementLookup" 
"rbind" "createElemLookupTable" "pr$elementLookup" 
"rbind" "createElemLookupTable" "pr$elementLookup" 
"rbind" "createElemLookupTable" "pr$elementLookup" 
"rbind" "createElemLookupTable" "pr$elementLookup" 
"rbind" "createElemLookupTable" "pr$elementLookup" 
"rbind" "createElemLookupTable" "pr$elementLookup" 
"rbind" "createElemLookupTable" "pr$elementLookup" 
"rbind" "createElemLookupTable" "pr$elementLookup" 
"rbind" "createElemLookupTable" "pr$elementLookup" 
"rbind" "createElemLookupTable" "pr$elementLookup" 
"rbind" "createElemLookupTable" "pr$elementLookup" 
"rbind" "createElemLookupTable" "pr$elementLookup" 
"rbind" "createElemLookupTable" "pr$elementLookup" 
"rbind" "createElemLookupTable" "pr$elementLookup" 
"rbind" "createElemLookupTable" "pr$elementLookup" 
"rbind" "createElemLookupTable" "pr$elementLookup" 
"rbind" "createElemLookupTable" "pr$elementLookup" 
"rbind" "createElemLookupTable" "pr$elementLookup" 
"rbind" "createElemLookupTable" "pr$elementLookup" 
"rbind" "createElemLookupTable" "pr$elementLookup" 
"rbind" "createElemLookupTable" "pr$elementLookup" 
"rbind" "createElemLookupTable" "pr$elementLookup" 
"rbind" "createElemLookupTable" "pr$elementLookup" 
"rbind" "createElemLookupTable" "pr$elementLookup" 
"rbind" "createElemLookupTable" "pr$elementLookup" 
"rbind" "createElemLookupTable" "pr$elementLookup" 
"rbind" "createElemLookupTable" "pr$elementLookup" 
"rbind" "createElemLookupTable" "pr$elementLookup" 
"rbind" "createElemLookupTable" "pr$elementLookup" 
"rbind" "createElemLookupTable" "pr$elementLookup" 
"rbind" "createElemLookupTable" "pr$elementLookup" 
"rbind" "createElemLookupTable" "pr$elementLookup" 
"rbind" "createElemLookupTable" "pr$elementLookup" 
"rbind" "createElemLookupTable" "pr$elementLookup" 
"rbind" "createElemLookupTable" "pr$elementLookup" 
"rbind" "createElemLookupTable" "pr$elementLookup" 
"rbind" "createElemLookupTable" "pr$elementLookup" 
"rbind" "createElemLookupTable" "pr$elementLookup" 
"rbind" "createElemLookupTable" "pr$elementLookup" 
"rbind" "createElemLookupTable" "pr$elementLookup" 
"rbind" "createElemLookupTable" "pr$elementLookup" 
"rbind" "createElemLookupTable" "pr$elementLookup" 
"rbind" "createElemLookupTable" "pr$elementLookup" 
"rbind" "createElemLookupTable" "pr$elementLookup" 
"rbind" "createElemLookupTable" "pr$elementLookup" 
"rbind" "createElemLookupTable" "pr$elementLookup" 
"rbind" "createElemLookupTable" "pr$elementLookup" 
"rbind" "createElemLookupTable" "pr$elementLookup" 
"rbind" "createElemLookupTable" "pr$elementLookup" 
"rbind" "createElemLookupTable" "pr$elementLookup" 
"rbind" "createElemLookupTable" "pr$elementLookup" 
"rbind" "createElemLookupTable" "pr$elementLookup" 
"rbind" "createElemLookupTable" "pr$elementLookup" 
"rbind" "createElemLookupTable" "pr$elementLookup" 
"rbind" "createElemLookupTable" "pr$elementLookup" 
"rbind" "createElemLookupTable" "pr$elementLookup" 
"rbind" "createElemLookupTable" "pr$elementLookup" 
"rbind" "createElemLookupTable" "pr$elementLookup" 
"rbind" "createElemLookupTable" "pr$elementLookup" 
"rbind" "createElemLookupTable" "pr$elementLookup" 
"rbind" "createElemLookupTable" "pr$elementLookup" 
"rbind" "createElemLookupTable" "pr$elementLookup" 
"rbind" "createElemLookupTable" "pr$elementLookup" 
"rbind" "createElemLookupTable" "pr$elementLookup" 
"rbind" "createElemLookupTable" "pr$elementLookup" 
"rbind" "createElemLookupTable" "pr$elementLookup" 
"rbind" "createElemLookupTable" "pr$elementLookup" 
"rbind" "createElemLookupTable" "pr$elementLookup" 
"rbind" "createElemLookupTable" "pr$elementLookup" 
"rbind" "createElemLookupTable" "pr$elementLookup" 
"rbind" "createElemLookupTable" "pr$elementLookup" 
"rbind" "createElemLookupTable" "pr$elementLookup" 
"rbind" "createElemLookupTable" "pr$elementLookup" 
"rbind" "createElemLookupTable" "pr$elementLookup" 
"rbind" "createElemLookupTable" "pr$elementLookup" 
"rbind" "createElemLookupTable" "pr$elementLookup" 
"rbind" "createElemLookupTable" "pr$elementLookup" 
"rbind" "createElemLookupTable" "pr$elementLookup" 
"rbind" "createElemLookupTable" "pr$elementLookup" 
"rbind" "createElemLookupTable" "pr$elementLookup" 
"rbind" "createElemLookupTable" "pr$elementLookup" 
"rbind" "createElemLookupTable" "pr$elementLookup" 
"rbind" "createElemLookupTable" "pr$elementLookup" 
"rbind" "createElemLookupTable" "pr$elementLookup" 
"rbind" "createElemLookupTable" "pr$elementLookup" 
"rbind" "createElemLookupTable" "pr$elementLookup" 
"rbind" "createElemLookupTable" "pr$elementLookup" 
"rbind" "createElemLookupTable" "pr$elementLookup" 
"rbind" "createElemLookupTable" "pr$elementLookup" 
"rbind" "createElemLookupTable" "pr$elementLookup" 
"rbind" "createElemLookupTable" "pr$elementLookup" 
"rbind" "createElemLookupTable" "pr$elementLookup" 
